cargo : warning: unused variable: `b_final`
所在位置 行:1 字符: 1
+ cargo test 2>&1 | Tee-Object -FilePath test_output.txt ; Get-Content  ...
+ ~~~~~~~~~~~~~~~
    + CategoryInfo          : NotSpecified: (warning: unused variable: `b_fina 
   l`:String) [], RemoteException
    + FullyQualifiedErrorId : NativeCommandError
 
   --> src\instrument.rs:217:19
    |
217 |     let (a_final, b_final) = build_design_matrix(&valid_pairs, &mask);
    |                   ^^^^^^^ help: if this is intentional, prefix it with an
 underscore: `_b_final`
    |
    = note: `#[warn(unused_variables)]` (part of `#[warn(unused)]`) on by defau
lt

warning: unused variable: `obs_ra`
   --> src\instrument.rs:318:30
    |
318 |                 if let (Some(obs_ra), Some(obs_dec)) =
    |                              ^^^^^^ help: if this is intentional, prefix 
it with an underscore: `_obs_ra`

warning: unused variable: `obs_dec`
   --> src\instrument.rs:318:44
    |
318 |                 if let (Some(obs_ra), Some(obs_dec)) =
    |                                            ^^^^^^^ help: if this is inten
tional, prefix it with an underscore: `_obs_dec`

warning: unused variable: `obs_ra`
   --> src\instrument.rs:337:30
    |
337 |                 if let (Some(obs_ra), Some(obs_dec)) =
    |                              ^^^^^^ help: if this is intentional, prefix 
it with an underscore: `_obs_ra`

warning: unused variable: `obs_dec`
   --> src\instrument.rs:337:44
    |
337 |                 if let (Some(obs_ra), Some(obs_dec)) =
    |                                            ^^^^^^^ help: if this is inten
tional, prefix it with an underscore: `_obs_dec`

warning: unused variable: `n_rows`
   --> src\instrument.rs:485:9
    |
485 |     let n_rows = a.nrows();
    |         ^^^^^^ help: if this is intentional, prefix it with an underscore
: `_n_rows`

warning: unused variable: `req`
   --> src\main.rs:689:9
    |
689 |     let req = body.into_inner();
    |         ^^^ help: if this is intentional, prefix it with an underscore: `
_req`

warning: `ancient-star-backend` (bin "ancient-star-backend" test) generated 7 w
arnings (run `cargo fix --bin "ancient-star-backend" -p ancient-star-backend --
tests` to apply 7 suggestions)
    Finished `test` profile [unoptimized + debuginfo] target(s) in 0.27s
     Running unittests src\main.rs (target\debug\deps\ancient_star_backend-58a4
c44281b6d632.exe)

running 88 tests
test eclipse::tests::test_compute_for_record_missing_magnitude ... ok
test eclipse::tests::test_ancient_year_negative ... ok
test eclipse::tests::test_compute_for_record_perfect_match ... ok
test eclipse::tests::test_delta_t_j2000_exact ... ok
test eclipse::tests::test_delta_t_estimation ... ok
test eclipse::tests::test_eclipse_no_eclipse ... ok
test eclipse::tests::test_eclipse_magnitude_partial ... ok
test eclipse::tests::test_ecliptic_lon_range ... ok
test eclipse::tests::test_obscuration_fraction_range ... ok
test eclipse::tests::test_duration_positive_or_zero ... ok
test eclipse::tests::test_eclipse_type_solar ... ok
test eclipse::tests::test_eclipse_very_large_year ... ok
test eclipse::tests::test_future_year ... ok
test eclipse::tests::test_path_sampling_generation ... ok
test eclipse::tests::test_saros_number_reasonable ... ok
test horoscope::tests::test_airmass_at_horizon ... ok
test eclipse::tests::test_compute_eclipse_year_1054 ... ok
test eclipse::tests::test_very_old_year ... ok
test eclipse::tests::test_quality_score_range ... ok
test horoscope::tests::test_all_stars_below_horizon ... ok
test eclipse::tests::test_eclipse_year_zero ... ok
test horoscope::tests::test_airmass_at_zenith ... ok
test eclipse::tests::test_umbra_polygon_latlon ... ok
test horoscope::tests::test_ecliptic_ra_deg_0_360_wrap ... ok
test horoscope::tests::test_ecliptic_to_equatorial_pole ... ok
test horoscope::tests::test_julian_day_known_date ... ok
test horoscope::tests::test_ancient_modern_comparison ... ok
test horoscope::tests::test_gmst_j2000 ... ok
test horoscope::tests::test_generate_empty_stars_list ... ok
test horoscope::tests::test_invalid_month_day_handling ... ok
test horoscope::tests::test_equatorial_to_horizontal_zenith ... ok
test horoscope::tests::test_latitude_pole_90 ... ok
test horoscope::tests::test_longitude_wrap_360 ... ok
test horoscope::tests::test_generate_starmap_basic ... ok
test horoscope::tests::test_julian_day_very_old_date ... ok
test horoscope::tests::test_lucky_star_filtering ... ok
test horoscope::tests::test_lunar_mansion_boundary ... ok
test horoscope::tests::test_moon_latitude_range ... ok
test horoscope::tests::test_stereographic_project_below_horizon ... ok
test horoscope::tests::test_share_card_dimensions ... ok
test horoscope::tests::test_stereographic_project_center ... ok
test horoscope::tests::test_negative_latitude_out_of_range ... ok
test horoscope::tests::test_stereographic_project_horizon ... ok
test horoscope::tests::test_sun_position_full_year ... ok
test horoscope::tests::test_sun_position_summer_solstice ... ok
test horoscope::tests::test_sun_position_vernal_equinox ... ok
test horoscope::tests::test_zodiac_sign_aries ... ok
test horoscope::tests::test_zodiac_sign_libra ... ok
test instrument::tests::test_empty_observation_list ... ok
test instrument::tests::test_insufficient_samples ... ok
test instrument::tests::test_missing_measured_coordinates ... ok
test instrument::tests::test_missing_true_coordinates ... ok
test instrument::tests::test_identical_observations ... ok
test instrument::tests::test_minimal_sample_size ... ok
test instrument::tests::test_error_radar_normalization ... ok
test instrument::tests::test_invert_convergence ... ok
test instrument::tests::test_invert_synthetic_data ... ok
test instrument::tests::test_invert_good_quality ... ok
test instrument::tests::test_per_star_residuals_count ... ok
test instrument::tests::test_missing_both_measured_and_true ... ok
test instrument::tests::test_parameter_reasonable_range ... ok
test instrument::tests::test_high_declination_stars ... ok
test instrument::tests::test_perfect_data_no_noise ... ok
test instrument::tests::test_reduced_chi_square_unity ... ok
test instrument::tests::test_sigma_clip_outliers ... ok
test instrument::tests::test_single_parameter_active ... ok
test variable_star::tests::test_ancient_magnitude_mapping ... ok
test variable_star::tests::test_empty_measurement_list ... FAILED
test variable_star::tests::test_phase_fold_sine_fit ... ok
test instrument::tests::test_zero_measurement_uncertainties ... ok
test instrument::tests::test_large_sample_size ... ok
test variable_star::tests::test_period_at_nyquist ... ok
test variable_star::tests::test_nan_in_epoch_or_mag ... ok
test variable_star::tests::test_all_measurements_modern_only ... ok
test variable_star::tests::test_all_measurements_ancient_only ... ok
test variable_star::tests::test_large_measurement_errors ... FAILED
test variable_star::tests::test_constant_magnitude_all_equal ... ok
test variable_star::tests::test_minimal_data_points ... ok
test variable_star::tests::test_negative_period_detected ... ok
test variable_star::tests::test_period_change_linear_drift ... FAILED
test variable_star::tests::test_false_alarm_probability ... ok
test variable_star::tests::test_amplitude_very_small ... ok
test variable_star::tests::test_lomb_scargle_multiple_peaks ... ok
test variable_star::tests::test_lomb_scargle_known_period ... FAILED
test variable_star::tests::test_period_very_long ... ok
test variable_star::tests::test_reconstruct_lightcurve_continuity has been running for over 60 seconds
test variable_star::tests::test_sparse_data_interpolation has been running for over 60 seconds
test variable_star::tests::test_uniform_sampling_gap has been running for over 60 seconds
test variable_star::tests::test_sparse_data_interpolation ... ok
test variable_star::tests::test_uniform_sampling_gap ... FAILED
test variable_star::tests::test_reconstruct_lightcurve_continuity ... ok

failures:

---- variable_star::tests::test_empty_measurement_list stdout ----

thread 'variable_star::tests::test_empty_measurement_list' (13668) panicked at src\variable_star.rs:1629:9:
assertion failed: recon.reconstructed_samples.is_empty() || recon.coverage_start_yr.is_finite()
note: run with `RUST_BACKTRACE=1` environment variable to display a backtrace

---- variable_star::tests::test_large_measurement_errors stdout ----

thread 'variable_star::tests::test_large_measurement_errors' (17536) panicked at src\variable_star.rs:1588:9:
Large errors should produce wider CI: bad=0.3932480494280869, good=0.3932480494281512

---- variable_star::tests::test_period_change_linear_drift stdout ----

thread 'variable_star::tests::test_period_change_linear_drift' (28440) panicked at src\variable_star.rs:1202:9:
pdot should be positive (P increasing), got -0.0000023321226634590235

---- variable_star::tests::test_lomb_scargle_known_period stdout ----

thread 'variable_star::tests::test_lomb_scargle_known_period' (13404) panicked at src\variable_star.rs:1039:9:
Period detection rel err 0.9920392310703208 should be < 20% (true=332, detected=2.6429752846535037)

---- variable_star::tests::test_uniform_sampling_gap stdout ----

thread 'variable_star::tests::test_uniform_sampling_gap' (23452) panicked at src\variable_star.rs:1373:9:
Should have a large gap ~1000yr, got 5.90201005025142


failures:
    variable_star::tests::test_empty_measurement_list
    variable_star::tests::test_large_measurement_errors
    variable_star::tests::test_lomb_scargle_known_period
    variable_star::tests::test_period_change_linear_drift
    variable_star::tests::test_uniform_sampling_gap

test result: FAILED. 83 passed; 5 failed; 0 ignored; 0 measured; 0 filtered out; finished in 96.98s

error: test failed, to rerun pass `--bin ancient-star-backend`
